2026-08-07 14:22:01,308 - INFO - logger started
2026-08-07 14:23:03,481 - INFO - logger started
2026-08-07 14:24:00,940 - INFO - logger started
2026-08-07 14:24:05,071 - INFO - logger started
2026-08-07 14:24:08,061 - ERROR - Category repository: database error coccurred during get operation workflow.
Traceback (most recent call last):
  File "/home/zhvi/programming/MyGitHub/HomeFileSharing/.venv/lib/python3.12/site-packages/sqlalchemy/orm/relationships.py", line 2435, in _determine_joins
    self.primaryjoin = join_condition(
                       ^^^^^^^^^^^^^^^
  File "/home/zhvi/programming/MyGitHub/HomeFileSharing/.venv/lib/python3.12/site-packages/sqlalchemy/sql/util.py", line 122, in join_condition
    return Join._join_condition(
           ^^^^^^^^^^^^^^^^^^^^^
  File "/home/zhvi/programming/MyGitHub/HomeFileSharing/.venv/lib/python3.12/site-packages/sqlalchemy/sql/selectable.py", line 1452, in _join_condition
    raise exc.NoForeignKeysError(
sqlalchemy.exc.NoForeignKeysError: Can't find any foreign key relationships between 'file' and 'file_version'.

The above exception was the direct cause of the following exception:

Traceback (most recent call last):
  File "/home/zhvi/programming/MyGitHub/HomeFileSharing/app/infrastructure/repositories/category_repository.py", line 40, in get_list
    query = select(Category).options(selectinload(Category.mime_types), selectinload(Category.files)).order_by(desc(Category.created_at), desc(Category.id))
                                     ^^^^^^^^^^^^^^^^^^^^^^^^^^^^^^^^^
  File "/home/zhvi/programming/MyGitHub/HomeFileSharing/.venv/lib/python3.12/site-packages/sqlalchemy/orm/strategy_options.py", line 2465, in selectinload
    return _generate_from_keys(
           ^^^^^^^^^^^^^^^^^^^^
  File "/home/zhvi/programming/MyGitHub/HomeFileSharing/.venv/lib/python3.12/site-packages/sqlalchemy/orm/strategy_options.py", line 2345, in _generate_from_keys
    lead_element = Load(lead_entity)
                   ^^^^^^^^^^^^^^^^^
  File "/home/zhvi/programming/MyGitHub/HomeFileSharing/.venv/lib/python3.12/site-packages/sqlalchemy/orm/strategy_options.py", line 1013, in __init__
    insp._post_inspect
  File "/home/zhvi/programming/MyGitHub/HomeFileSharing/.venv/lib/python3.12/site-packages/sqlalchemy/util/langhelpers.py", line 1234, in __get__
    obj.__dict__[self.__name__] = result = self.fget(obj)
                                           ^^^^^^^^^^^^^^
  File "/home/zhvi/programming/MyGitHub/HomeFileSharing/.venv/lib/python3.12/site-packages/sqlalchemy/orm/mapper.py", line 2734, in _post_inspect
    self._check_configure()
  File "/home/zhvi/programming/MyGitHub/HomeFileSharing/.venv/lib/python3.12/site-packages/sqlalchemy/orm/mapper.py", line 2411, in _check_configure
    _configure_registries({self.registry}, cascade=True)
  File "/home/zhvi/programming/MyGitHub/HomeFileSharing/.venv/lib/python3.12/site-packages/sqlalchemy/orm/mapper.py", line 4228, in _configure_registries
    _do_configure_registries(registries, cascade)
  File "/home/zhvi/programming/MyGitHub/HomeFileSharing/.venv/lib/python3.12/site-packages/sqlalchemy/orm/mapper.py", line 4269, in _do_configure_registries
    mapper._post_configure_properties()
  File "/home/zhvi/programming/MyGitHub/HomeFileSharing/.venv/lib/python3.12/site-packages/sqlalchemy/orm/mapper.py", line 2428, in _post_configure_properties
    prop.init()
  File "/home/zhvi/programming/MyGitHub/HomeFileSharing/.venv/lib/python3.12/site-packages/sqlalchemy/orm/interfaces.py", line 595, in init
    self.do_init()
  File "/home/zhvi/programming/MyGitHub/HomeFileSharing/.venv/lib/python3.12/site-packages/sqlalchemy/orm/relationships.py", line 1658, in do_init
    self._setup_join_conditions()
  File "/home/zhvi/programming/MyGitHub/HomeFileSharing/.venv/lib/python3.12/site-packages/sqlalchemy/orm/relationships.py", line 1896, in _setup_join_conditions
    self._join_condition = jc = JoinCondition(
                                ^^^^^^^^^^^^^^
  File "/home/zhvi/programming/MyGitHub/HomeFileSharing/.venv/lib/python3.12/site-packages/sqlalchemy/orm/relationships.py", line 2322, in __init__
    self._determine_joins()
  File "/home/zhvi/programming/MyGitHub/HomeFileSharing/.venv/lib/python3.12/site-packages/sqlalchemy/orm/relationships.py", line 2456, in _determine_joins
    raise sa_exc.NoForeignKeysError(
sqlalchemy.exc.NoForeignKeysError: Could not determine join condition between parent/child tables on relationship File.versions - there are no foreign keys linking these tables.  Ensure that referencing columns are associated with a ForeignKey or ForeignKeyConstraint, or specify a 'primaryjoin' expression.
2026-08-07 14:29:16,274 - INFO - logger started
2026-08-07 14:30:50,795 - INFO - logger started
2026-08-07 14:30:59,557 - INFO - logger started
2026-08-07 14:31:04,188 - ERROR - Category repository: database error coccurred during get operation workflow.
Traceback (most recent call last):
  File "/home/zhvi/programming/MyGitHub/HomeFileSharing/.venv/lib/python3.12/site-packages/sqlalchemy/orm/relationships.py", line 2435, in _determine_joins
    self.primaryjoin = join_condition(
                       ^^^^^^^^^^^^^^^
  File "/home/zhvi/programming/MyGitHub/HomeFileSharing/.venv/lib/python3.12/site-packages/sqlalchemy/sql/util.py", line 122, in join_condition
    return Join._join_condition(
           ^^^^^^^^^^^^^^^^^^^^^
  File "/home/zhvi/programming/MyGitHub/HomeFileSharing/.venv/lib/python3.12/site-packages/sqlalchemy/sql/selectable.py", line 1452, in _join_condition
    raise exc.NoForeignKeysError(
sqlalchemy.exc.NoForeignKeysError: Can't find any foreign key relationships between 'file' and 'file_version'.

The above exception was the direct cause of the following exception:

Traceback (most recent call last):
  File "/home/zhvi/programming/MyGitHub/HomeFileSharing/app/infrastructure/repositories/category_repository.py", line 40, in get_list
    query = select(Category).options(selectinload(Category.mime_types), selectinload(Category.files)).order_by(desc(Category.created_at), desc(Category.id))
                                     ^^^^^^^^^^^^^^^^^^^^^^^^^^^^^^^^^
  File "/home/zhvi/programming/MyGitHub/HomeFileSharing/.venv/lib/python3.12/site-packages/sqlalchemy/orm/strategy_options.py", line 2465, in selectinload
    return _generate_from_keys(
           ^^^^^^^^^^^^^^^^^^^^
  File "/home/zhvi/programming/MyGitHub/HomeFileSharing/.venv/lib/python3.12/site-packages/sqlalchemy/orm/strategy_options.py", line 2345, in _generate_from_keys
    lead_element = Load(lead_entity)
                   ^^^^^^^^^^^^^^^^^
  File "/home/zhvi/programming/MyGitHub/HomeFileSharing/.venv/lib/python3.12/site-packages/sqlalchemy/orm/strategy_options.py", line 1013, in __init__
    insp._post_inspect
  File "/home/zhvi/programming/MyGitHub/HomeFileSharing/.venv/lib/python3.12/site-packages/sqlalchemy/util/langhelpers.py", line 1234, in __get__
    obj.__dict__[self.__name__] = result = self.fget(obj)
                                           ^^^^^^^^^^^^^^
  File "/home/zhvi/programming/MyGitHub/HomeFileSharing/.venv/lib/python3.12/site-packages/sqlalchemy/orm/mapper.py", line 2734, in _post_inspect
    self._check_configure()
  File "/home/zhvi/programming/MyGitHub/HomeFileSharing/.venv/lib/python3.12/site-packages/sqlalchemy/orm/mapper.py", line 2411, in _check_configure
    _configure_registries({self.registry}, cascade=True)
  File "/home/zhvi/programming/MyGitHub/HomeFileSharing/.venv/lib/python3.12/site-packages/sqlalchemy/orm/mapper.py", line 4228, in _configure_registries
    _do_configure_registries(registries, cascade)
  File "/home/zhvi/programming/MyGitHub/HomeFileSharing/.venv/lib/python3.12/site-packages/sqlalchemy/orm/mapper.py", line 4269, in _do_configure_registries
    mapper._post_configure_properties()
  File "/home/zhvi/programming/MyGitHub/HomeFileSharing/.venv/lib/python3.12/site-packages/sqlalchemy/orm/mapper.py", line 2428, in _post_configure_properties
    prop.init()
  File "/home/zhvi/programming/MyGitHub/HomeFileSharing/.venv/lib/python3.12/site-packages/sqlalchemy/orm/interfaces.py", line 595, in init
    self.do_init()
  File "/home/zhvi/programming/MyGitHub/HomeFileSharing/.venv/lib/python3.12/site-packages/sqlalchemy/orm/relationships.py", line 1658, in do_init
    self._setup_join_conditions()
  File "/home/zhvi/programming/MyGitHub/HomeFileSharing/.venv/lib/python3.12/site-packages/sqlalchemy/orm/relationships.py", line 1896, in _setup_join_conditions
    self._join_condition = jc = JoinCondition(
                                ^^^^^^^^^^^^^^
  File "/home/zhvi/programming/MyGitHub/HomeFileSharing/.venv/lib/python3.12/site-packages/sqlalchemy/orm/relationships.py", line 2322, in __init__
    self._determine_joins()
  File "/home/zhvi/programming/MyGitHub/HomeFileSharing/.venv/lib/python3.12/site-packages/sqlalchemy/orm/relationships.py", line 2456, in _determine_joins
    raise sa_exc.NoForeignKeysError(
sqlalchemy.exc.NoForeignKeysError: Could not determine join condition between parent/child tables on relationship File.versions - there are no foreign keys linking these tables.  Ensure that referencing columns are associated with a ForeignKey or ForeignKeyConstraint, or specify a 'primaryjoin' expression.
2026-08-07 14:32:19,103 - INFO - logger started
2026-08-07 14:32:31,145 - INFO - logger started
2026-08-07 14:32:39,607 - INFO - logger started
2026-08-07 14:32:42,434 - INFO - logger started
2026-08-07 14:32:47,776 - INFO - logger started
2026-08-07 14:32:53,003 - ERROR - Category repository: database error coccurred during get operation workflow.
Traceback (most recent call last):
  File "/home/zhvi/programming/MyGitHub/HomeFileSharing/.venv/lib/python3.12/site-packages/sqlalchemy/orm/relationships.py", line 2435, in _determine_joins
    self.primaryjoin = join_condition(
                       ^^^^^^^^^^^^^^^
  File "/home/zhvi/programming/MyGitHub/HomeFileSharing/.venv/lib/python3.12/site-packages/sqlalchemy/sql/util.py", line 122, in join_condition
    return Join._join_condition(
           ^^^^^^^^^^^^^^^^^^^^^
  File "/home/zhvi/programming/MyGitHub/HomeFileSharing/.venv/lib/python3.12/site-packages/sqlalchemy/sql/selectable.py", line 1452, in _join_condition
    raise exc.NoForeignKeysError(
sqlalchemy.exc.NoForeignKeysError: Can't find any foreign key relationships between 'file' and 'file_version'.

The above exception was the direct cause of the following exception:

Traceback (most recent call last):
  File "/home/zhvi/programming/MyGitHub/HomeFileSharing/app/infrastructure/repositories/category_repository.py", line 40, in get_list
    query = select(Category).options(selectinload(Category.mime_types)).order_by(desc(Category.created_at), desc(Category.id))
                                     ^^^^^^^^^^^^^^^^^^^^^^^^^^^^^^^^^
  File "/home/zhvi/programming/MyGitHub/HomeFileSharing/.venv/lib/python3.12/site-packages/sqlalchemy/orm/strategy_options.py", line 2465, in selectinload
    return _generate_from_keys(
           ^^^^^^^^^^^^^^^^^^^^
  File "/home/zhvi/programming/MyGitHub/HomeFileSharing/.venv/lib/python3.12/site-packages/sqlalchemy/orm/strategy_options.py", line 2345, in _generate_from_keys
    lead_element = Load(lead_entity)
                   ^^^^^^^^^^^^^^^^^
  File "/home/zhvi/programming/MyGitHub/HomeFileSharing/.venv/lib/python3.12/site-packages/sqlalchemy/orm/strategy_options.py", line 1013, in __init__
    insp._post_inspect
  File "/home/zhvi/programming/MyGitHub/HomeFileSharing/.venv/lib/python3.12/site-packages/sqlalchemy/util/langhelpers.py", line 1234, in __get__
    obj.__dict__[self.__name__] = result = self.fget(obj)
                                           ^^^^^^^^^^^^^^
  File "/home/zhvi/programming/MyGitHub/HomeFileSharing/.venv/lib/python3.12/site-packages/sqlalchemy/orm/mapper.py", line 2734, in _post_inspect
    self._check_configure()
  File "/home/zhvi/programming/MyGitHub/HomeFileSharing/.venv/lib/python3.12/site-packages/sqlalchemy/orm/mapper.py", line 2411, in _check_configure
    _configure_registries({self.registry}, cascade=True)
  File "/home/zhvi/programming/MyGitHub/HomeFileSharing/.venv/lib/python3.12/site-packages/sqlalchemy/orm/mapper.py", line 4228, in _configure_registries
    _do_configure_registries(registries, cascade)
  File "/home/zhvi/programming/MyGitHub/HomeFileSharing/.venv/lib/python3.12/site-packages/sqlalchemy/orm/mapper.py", line 4269, in _do_configure_registries
    mapper._post_configure_properties()
  File "/home/zhvi/programming/MyGitHub/HomeFileSharing/.venv/lib/python3.12/site-packages/sqlalchemy/orm/mapper.py", line 2428, in _post_configure_properties
    prop.init()
  File "/home/zhvi/programming/MyGitHub/HomeFileSharing/.venv/lib/python3.12/site-packages/sqlalchemy/orm/interfaces.py", line 595, in init
    self.do_init()
  File "/home/zhvi/programming/MyGitHub/HomeFileSharing/.venv/lib/python3.12/site-packages/sqlalchemy/orm/relationships.py", line 1658, in do_init
    self._setup_join_conditions()
  File "/home/zhvi/programming/MyGitHub/HomeFileSharing/.venv/lib/python3.12/site-packages/sqlalchemy/orm/relationships.py", line 1896, in _setup_join_conditions
    self._join_condition = jc = JoinCondition(
                                ^^^^^^^^^^^^^^
  File "/home/zhvi/programming/MyGitHub/HomeFileSharing/.venv/lib/python3.12/site-packages/sqlalchemy/orm/relationships.py", line 2322, in __init__
    self._determine_joins()
  File "/home/zhvi/programming/MyGitHub/HomeFileSharing/.venv/lib/python3.12/site-packages/sqlalchemy/orm/relationships.py", line 2456, in _determine_joins
    raise sa_exc.NoForeignKeysError(
sqlalchemy.exc.NoForeignKeysError: Could not determine join condition between parent/child tables on relationship File.versions - there are no foreign keys linking these tables.  Ensure that referencing columns are associated with a ForeignKey or ForeignKeyConstraint, or specify a 'primaryjoin' expression.
2026-08-07 14:33:02,715 - INFO - logger started
2026-08-07 14:33:07,531 - ERROR - Category repository: database error coccurred during get operation workflow.
Traceback (most recent call last):
  File "/home/zhvi/programming/MyGitHub/HomeFileSharing/.venv/lib/python3.12/site-packages/sqlalchemy/orm/relationships.py", line 2435, in _determine_joins
    self.primaryjoin = join_condition(
                       ^^^^^^^^^^^^^^^
  File "/home/zhvi/programming/MyGitHub/HomeFileSharing/.venv/lib/python3.12/site-packages/sqlalchemy/sql/util.py", line 122, in join_condition
    return Join._join_condition(
           ^^^^^^^^^^^^^^^^^^^^^
  File "/home/zhvi/programming/MyGitHub/HomeFileSharing/.venv/lib/python3.12/site-packages/sqlalchemy/sql/selectable.py", line 1452, in _join_condition
    raise exc.NoForeignKeysError(
sqlalchemy.exc.NoForeignKeysError: Can't find any foreign key relationships between 'file' and 'file_version'.

The above exception was the direct cause of the following exception:

Traceback (most recent call last):
  File "/home/zhvi/programming/MyGitHub/HomeFileSharing/app/infrastructure/repositories/category_repository.py", line 40, in get_list
    query = select(Category).options(selectinload(Category.mime_types)).order_by(desc(Category.created_at), desc(Category.id))
                                     ^^^^^^^^^^^^^^^^^^^^^^^^^^^^^^^^^
  File "/home/zhvi/programming/MyGitHub/HomeFileSharing/.venv/lib/python3.12/site-packages/sqlalchemy/orm/strategy_options.py", line 2465, in selectinload
    return _generate_from_keys(
           ^^^^^^^^^^^^^^^^^^^^
  File "/home/zhvi/programming/MyGitHub/HomeFileSharing/.venv/lib/python3.12/site-packages/sqlalchemy/orm/strategy_options.py", line 2345, in _generate_from_keys
    lead_element = Load(lead_entity)
                   ^^^^^^^^^^^^^^^^^
  File "/home/zhvi/programming/MyGitHub/HomeFileSharing/.venv/lib/python3.12/site-packages/sqlalchemy/orm/strategy_options.py", line 1013, in __init__
    insp._post_inspect
  File "/home/zhvi/programming/MyGitHub/HomeFileSharing/.venv/lib/python3.12/site-packages/sqlalchemy/util/langhelpers.py", line 1234, in __get__
    obj.__dict__[self.__name__] = result = self.fget(obj)
                                           ^^^^^^^^^^^^^^
  File "/home/zhvi/programming/MyGitHub/HomeFileSharing/.venv/lib/python3.12/site-packages/sqlalchemy/orm/mapper.py", line 2734, in _post_inspect
    self._check_configure()
  File "/home/zhvi/programming/MyGitHub/HomeFileSharing/.venv/lib/python3.12/site-packages/sqlalchemy/orm/mapper.py", line 2411, in _check_configure
    _configure_registries({self.registry}, cascade=True)
  File "/home/zhvi/programming/MyGitHub/HomeFileSharing/.venv/lib/python3.12/site-packages/sqlalchemy/orm/mapper.py", line 4228, in _configure_registries
    _do_configure_registries(registries, cascade)
  File "/home/zhvi/programming/MyGitHub/HomeFileSharing/.venv/lib/python3.12/site-packages/sqlalchemy/orm/mapper.py", line 4269, in _do_configure_registries
    mapper._post_configure_properties()
  File "/home/zhvi/programming/MyGitHub/HomeFileSharing/.venv/lib/python3.12/site-packages/sqlalchemy/orm/mapper.py", line 2428, in _post_configure_properties
    prop.init()
  File "/home/zhvi/programming/MyGitHub/HomeFileSharing/.venv/lib/python3.12/site-packages/sqlalchemy/orm/interfaces.py", line 595, in init
    self.do_init()
  File "/home/zhvi/programming/MyGitHub/HomeFileSharing/.venv/lib/python3.12/site-packages/sqlalchemy/orm/relationships.py", line 1658, in do_init
    self._setup_join_conditions()
  File "/home/zhvi/programming/MyGitHub/HomeFileSharing/.venv/lib/python3.12/site-packages/sqlalchemy/orm/relationships.py", line 1896, in _setup_join_conditions
    self._join_condition = jc = JoinCondition(
                                ^^^^^^^^^^^^^^
  File "/home/zhvi/programming/MyGitHub/HomeFileSharing/.venv/lib/python3.12/site-packages/sqlalchemy/orm/relationships.py", line 2322, in __init__
    self._determine_joins()
  File "/home/zhvi/programming/MyGitHub/HomeFileSharing/.venv/lib/python3.12/site-packages/sqlalchemy/orm/relationships.py", line 2456, in _determine_joins
    raise sa_exc.NoForeignKeysError(
sqlalchemy.exc.NoForeignKeysError: Could not determine join condition between parent/child tables on relationship File.versions - there are no foreign keys linking these tables.  Ensure that referencing columns are associated with a ForeignKey or ForeignKeyConstraint, or specify a 'primaryjoin' expression.
2026-08-07 14:35:06,378 - INFO - logger started
2026-08-07 14:35:08,488 - INFO - logger started
2026-08-07 14:35:14,010 - INFO - logger started
2026-08-07 14:35:17,200 - INFO - select pg_catalog.version()
2026-08-07 14:35:17,201 - INFO - [raw sql] ()
2026-08-07 14:35:17,219 - INFO - select current_schema()
2026-08-07 14:35:17,220 - INFO - [raw sql] ()
2026-08-07 14:35:17,224 - INFO - show standard_conforming_strings
2026-08-07 14:35:17,224 - INFO - [raw sql] ()
2026-08-07 14:35:17,226 - INFO - BEGIN (implicit)
2026-08-07 14:35:17,233 - INFO - SELECT category.id, category.name, category.created_at, category.updated_at 
FROM category ORDER BY category.created_at DESC, category.id DESC
2026-08-07 14:35:17,234 - INFO - [generated in 0.00077s] ()
2026-08-07 14:35:17,253 - INFO - Category repository: found 0 categories matching filters.
2026-08-07 14:35:17,254 - INFO - ROLLBACK
2026-08-07 14:35:20,315 - INFO - logger started
2026-08-07 14:37:35,586 - INFO - logger started
2026-08-07 14:37:40,084 - INFO - select pg_catalog.version()
2026-08-07 14:37:40,084 - INFO - [raw sql] ()
2026-08-07 14:37:40,087 - INFO - select current_schema()
2026-08-07 14:37:40,087 - INFO - [raw sql] ()
2026-08-07 14:37:40,091 - INFO - show standard_conforming_strings
2026-08-07 14:37:40,091 - INFO - [raw sql] ()
2026-08-07 14:37:40,094 - INFO - BEGIN (implicit)
2026-08-07 14:37:40,101 - INFO - SELECT category.id, category.name, category.created_at, category.updated_at 
FROM category ORDER BY category.created_at DESC, category.id DESC
2026-08-07 14:37:40,102 - INFO - [generated in 0.00061s] ()
2026-08-07 14:37:40,108 - INFO - Category repository: found 0 categories matching filters.
2026-08-07 14:37:40,110 - INFO - ROLLBACK
2026-08-07 14:40:04,154 - INFO - logger started
2026-08-07 14:40:10,392 - INFO - select pg_catalog.version()
2026-08-07 14:40:10,393 - INFO - [raw sql] ()
2026-08-07 14:40:10,397 - INFO - select current_schema()
2026-08-07 14:40:10,398 - INFO - [raw sql] ()
2026-08-07 14:40:10,402 - INFO - show standard_conforming_strings
2026-08-07 14:40:10,402 - INFO - [raw sql] ()
2026-08-07 14:40:10,405 - INFO - BEGIN (implicit)
2026-08-07 14:40:10,410 - INFO - SELECT category.id, category.name, category.created_at, category.updated_at 
FROM category ORDER BY category.created_at DESC, category.id DESC
2026-08-07 14:40:10,410 - INFO - [generated in 0.00054s] ()
2026-08-07 14:40:10,416 - INFO - Category repository: found 0 categories matching filters.
2026-08-07 14:40:10,418 - INFO - ROLLBACK
2026-08-07 14:40:24,778 - INFO - logger started
2026-08-07 14:42:12,931 - INFO - logger started
2026-08-07 14:42:25,026 - INFO - select pg_catalog.version()
2026-08-07 14:42:25,027 - INFO - [raw sql] ()
2026-08-07 14:42:25,032 - INFO - select current_schema()
2026-08-07 14:42:25,032 - INFO - [raw sql] ()
2026-08-07 14:42:25,037 - INFO - show standard_conforming_strings
2026-08-07 14:42:25,037 - INFO - [raw sql] ()
2026-08-07 14:42:25,040 - INFO - BEGIN (implicit)
2026-08-07 14:42:25,050 - INFO - SELECT category.id, category.name, category.created_at, category.updated_at 
FROM category 
WHERE category.id = $1::INTEGER
2026-08-07 14:42:25,050 - INFO - [generated in 0.00071s] (1,)
2026-08-07 14:42:25,070 - WARNING - Category repository: id=1 not found.
2026-08-07 14:42:25,071 - INFO - ROLLBACK
2026-08-07 14:42:43,221 - INFO - logger started
2026-08-07 14:42:45,243 - INFO - select pg_catalog.version()
2026-08-07 14:42:45,243 - INFO - [raw sql] ()
2026-08-07 14:42:45,248 - INFO - select current_schema()
2026-08-07 14:42:45,248 - INFO - [raw sql] ()
2026-08-07 14:42:45,252 - INFO - show standard_conforming_strings
2026-08-07 14:42:45,252 - INFO - [raw sql] ()
2026-08-07 14:42:45,256 - INFO - BEGIN (implicit)
2026-08-07 14:42:45,263 - INFO - SELECT category.id, category.name, category.created_at, category.updated_at 
FROM category 
WHERE category.id = $1::INTEGER
2026-08-07 14:42:45,264 - INFO - [generated in 0.00075s] (1,)
2026-08-07 14:42:45,271 - WARNING - Category repository: id=1 not found.
2026-08-07 14:42:45,272 - INFO - ROLLBACK
2026-08-07 14:42:57,045 - INFO - logger started
2026-08-07 14:43:00,010 - INFO - select pg_catalog.version()
2026-08-07 14:43:00,011 - INFO - [raw sql] ()
2026-08-07 14:43:00,016 - INFO - select current_schema()
2026-08-07 14:43:00,016 - INFO - [raw sql] ()
2026-08-07 14:43:00,020 - INFO - show standard_conforming_strings
2026-08-07 14:43:00,021 - INFO - [raw sql] ()
2026-08-07 14:43:00,024 - INFO - BEGIN (implicit)
2026-08-07 14:43:00,032 - INFO - SELECT category.id, category.name, category.created_at, category.updated_at 
FROM category 
WHERE category.id = $1::INTEGER
2026-08-07 14:43:00,033 - INFO - [generated in 0.00079s] (1,)
2026-08-07 14:43:00,038 - WARNING - Category repository: id=1 not found.
2026-08-07 14:43:00,040 - INFO - ROLLBACK
2026-08-07 14:43:02,792 - INFO - logger started
2026-08-07 14:44:14,300 - INFO - logger started
2026-08-07 14:44:30,319 - INFO - logger started
2026-08-07 14:44:33,073 - INFO - logger started
2026-08-07 14:45:00,202 - INFO - logger started
2026-08-07 14:45:07,060 - INFO - logger started
2026-08-07 14:45:43,029 - INFO - logger started
2026-08-07 14:45:45,606 - INFO - logger started
2026-08-07 14:46:07,203 - INFO - select pg_catalog.version()
2026-08-07 14:46:07,204 - INFO - [raw sql] ()
2026-08-07 14:46:07,210 - INFO - select current_schema()
2026-08-07 14:46:07,210 - INFO - [raw sql] ()
2026-08-07 14:46:07,215 - INFO - show standard_conforming_strings
2026-08-07 14:46:07,215 - INFO - [raw sql] ()
2026-08-07 14:46:07,218 - INFO - BEGIN (implicit)
2026-08-07 14:46:07,224 - INFO - INSERT INTO category (name, created_at, updated_at) VALUES ($1::VARCHAR, $2::TIMESTAMP WITHOUT TIME ZONE, $3::TIMESTAMP WITHOUT TIME ZONE) RETURNING category.id
2026-08-07 14:46:07,225 - INFO - [generated in 0.00123s] ('other', datetime.datetime(2026, 8, 7, 14, 45, 45, 521389), datetime.datetime(2026, 8, 7, 14, 45, 45, 521793))
2026-08-07 14:46:07,245 - INFO - COMMIT
2026-08-07 14:46:07,249 - INFO - BEGIN (implicit)
2026-08-07 14:46:07,255 - INFO - SELECT category.id, category.name, category.created_at, category.updated_at 
FROM category 
WHERE category.id = $1::INTEGER
2026-08-07 14:46:07,256 - INFO - [generated in 0.00067s] (1,)
2026-08-07 14:46:07,261 - INFO - Category repository: created category by id=1
2026-08-07 14:46:07,264 - INFO - ROLLBACK
2026-08-07 14:46:19,724 - INFO - BEGIN (implicit)
2026-08-07 14:46:19,727 - INFO - SELECT category.id, category.name, category.created_at, category.updated_at 
FROM category 
WHERE category.id = $1::INTEGER
2026-08-07 14:46:19,728 - INFO - [generated in 0.00041s] (1,)
2026-08-07 14:46:19,738 - INFO - SELECT mime_type.category_id AS mime_type_category_id, mime_type.id AS mime_type_id, mime_type.name AS mime_type_name, mime_type.created_at AS mime_type_created_at, mime_type.updated_at AS mime_type_updated_at 
FROM mime_type 
WHERE mime_type.category_id IN ($1::INTEGER)
2026-08-07 14:46:19,739 - INFO - [generated in 0.00064s] (1,)
2026-08-07 14:46:19,789 - INFO - Category repository: found id=1.
2026-08-07 14:46:19,792 - INFO - ROLLBACK
2026-08-07 14:46:26,230 - INFO - BEGIN (implicit)
2026-08-07 14:46:26,233 - INFO - SELECT category.id, category.name, category.created_at, category.updated_at 
FROM category ORDER BY category.created_at DESC, category.id DESC
2026-08-07 14:46:26,233 - INFO - [generated in 0.00049s] ()
2026-08-07 14:46:26,239 - INFO - SELECT mime_type.category_id AS mime_type_category_id, mime_type.id AS mime_type_id, mime_type.name AS mime_type_name, mime_type.created_at AS mime_type_created_at, mime_type.updated_at AS mime_type_updated_at 
FROM mime_type 
WHERE mime_type.category_id IN ($1::INTEGER)
2026-08-07 14:46:26,239 - INFO - [cached since 6.501s ago] (1,)
2026-08-07 14:46:26,242 - INFO - Category repository: found 1 categories matching filters.
2026-08-07 14:46:26,244 - INFO - ROLLBACK
2026-08-07 14:46:29,858 - INFO - BEGIN (implicit)
2026-08-07 14:46:29,861 - INFO - SELECT category.id, category.name, category.created_at, category.updated_at 
FROM category 
WHERE (category.name LIKE '%' || $1::VARCHAR || '%') ORDER BY category.created_at DESC, category.id DESC
2026-08-07 14:46:29,861 - INFO - [generated in 0.00037s] ('ot',)
2026-08-07 14:46:29,878 - INFO - SELECT mime_type.category_id AS mime_type_category_id, mime_type.id AS mime_type_id, mime_type.name AS mime_type_name, mime_type.created_at AS mime_type_created_at, mime_type.updated_at AS mime_type_updated_at 
FROM mime_type 
WHERE mime_type.category_id IN ($1::INTEGER)
2026-08-07 14:46:29,879 - INFO - [cached since 10.14s ago] (1,)
2026-08-07 14:46:29,881 - INFO - Category repository: found 1 categories matching filters.
2026-08-07 14:46:29,882 - INFO - ROLLBACK
2026-08-07 14:46:34,840 - INFO - BEGIN (implicit)
2026-08-07 14:46:34,841 - INFO - SELECT category.id, category.name, category.created_at, category.updated_at 
FROM category 
WHERE (category.name LIKE '%' || $1::VARCHAR || '%') ORDER BY category.created_at DESC, category.id DESC
2026-08-07 14:46:34,841 - INFO - [cached since 4.981s ago] ('otheres',)
2026-08-07 14:46:34,843 - INFO - Category repository: found 0 categories matching filters.
2026-08-07 14:46:34,845 - INFO - ROLLBACK
2026-08-07 14:46:41,210 - INFO - BEGIN (implicit)
2026-08-07 14:46:41,211 - INFO - SELECT category.id, category.name, category.created_at, category.updated_at 
FROM category 
WHERE (category.name LIKE '%' || $1::VARCHAR || '%') ORDER BY category.created_at DESC, category.id DESC
2026-08-07 14:46:41,211 - INFO - [cached since 11.35s ago] ('other',)
2026-08-07 14:46:41,214 - INFO - SELECT mime_type.category_id AS mime_type_category_id, mime_type.id AS mime_type_id, mime_type.name AS mime_type_name, mime_type.created_at AS mime_type_created_at, mime_type.updated_at AS mime_type_updated_at 
FROM mime_type 
WHERE mime_type.category_id IN ($1::INTEGER)
2026-08-07 14:46:41,214 - INFO - [cached since 21.48s ago] (1,)
2026-08-07 14:46:41,216 - INFO - Category repository: found 1 categories matching filters.
2026-08-07 14:46:41,218 - INFO - ROLLBACK
2026-08-07 14:46:47,103 - INFO - BEGIN (implicit)
2026-08-07 14:46:47,105 - INFO - SELECT category.id, category.name, category.created_at, category.updated_at 
FROM category JOIN mime_type ON category.id = mime_type.category_id 
WHERE mime_type.id = $1::INTEGER ORDER BY category.created_at DESC, category.id DESC
2026-08-07 14:46:47,105 - INFO - [generated in 0.00030s] (1,)
2026-08-07 14:46:47,116 - INFO - Category repository: found 0 categories matching filters.
2026-08-07 14:46:47,118 - INFO - ROLLBACK
2026-08-07 14:46:54,842 - INFO - logger started
2026-08-07 14:48:35,608 - INFO - logger started
2026-08-07 14:49:02,330 - INFO - logger started
2026-08-07 14:49:22,588 - INFO - logger started
2026-08-07 14:49:33,178 - INFO - select pg_catalog.version()
2026-08-07 14:49:33,178 - INFO - [raw sql] ()
2026-08-07 14:49:33,183 - INFO - select current_schema()
2026-08-07 14:49:33,183 - INFO - [raw sql] ()
2026-08-07 14:49:33,188 - INFO - show standard_conforming_strings
2026-08-07 14:49:33,188 - INFO - [raw sql] ()
2026-08-07 14:49:33,192 - INFO - BEGIN (implicit)
2026-08-07 14:49:33,199 - INFO - SELECT category.id, category.name, category.created_at, category.updated_at 
FROM category 
WHERE category.id = $1::INTEGER
2026-08-07 14:49:33,200 - INFO - [generated in 0.00078s] (1,)
2026-08-07 14:49:33,221 - INFO - SELECT mime_type.category_id AS mime_type_category_id, mime_type.id AS mime_type_id, mime_type.name AS mime_type_name, mime_type.created_at AS mime_type_created_at, mime_type.updated_at AS mime_type_updated_at 
FROM mime_type 
WHERE mime_type.category_id IN ($1::INTEGER)
2026-08-07 14:49:33,221 - INFO - [generated in 0.00122s] (1,)
2026-08-07 14:49:33,231 - INFO - UPDATE category SET name=$1::VARCHAR WHERE category.id = $2::INTEGER
2026-08-07 14:49:33,231 - INFO - [generated in 0.00079s] ('next', 1)
2026-08-07 14:49:33,244 - INFO - COMMIT
2026-08-07 14:49:33,249 - INFO - BEGIN (implicit)
2026-08-07 14:49:33,253 - INFO - SELECT category.id, category.name, category.created_at, category.updated_at 
FROM category 
WHERE category.id = $1::INTEGER
2026-08-07 14:49:33,253 - INFO - [generated in 0.00074s] (1,)
2026-08-07 14:49:33,261 - INFO - SELECT mime_type.id AS mime_type_id, mime_type.name AS mime_type_name, mime_type.category_id AS mime_type_category_id, mime_type.created_at AS mime_type_created_at, mime_type.updated_at AS mime_type_updated_at 
FROM mime_type 
WHERE $1::INTEGER = mime_type.category_id
2026-08-07 14:49:33,262 - INFO - [generated in 0.00080s] (1,)
2026-08-07 14:49:33,265 - INFO - Category repository: update category by id=1
2026-08-07 14:49:33,268 - INFO - ROLLBACK
2026-08-07 14:49:40,437 - INFO - BEGIN (implicit)
2026-08-07 14:49:40,439 - INFO - SELECT category.id, category.name, category.created_at, category.updated_at 
FROM category ORDER BY category.created_at DESC, category.id DESC
2026-08-07 14:49:40,439 - INFO - [generated in 0.00026s] ()
2026-08-07 14:49:40,443 - INFO - SELECT mime_type.category_id AS mime_type_category_id, mime_type.id AS mime_type_id, mime_type.name AS mime_type_name, mime_type.created_at AS mime_type_created_at, mime_type.updated_at AS mime_type_updated_at 
FROM mime_type 
WHERE mime_type.category_id IN ($1::INTEGER)
2026-08-07 14:49:40,444 - INFO - [cached since 7.223s ago] (1,)
2026-08-07 14:49:40,445 - INFO - Category repository: found 1 categories matching filters.
2026-08-07 14:49:40,447 - INFO - ROLLBACK
2026-08-07 14:49:45,977 - INFO - BEGIN (implicit)
2026-08-07 14:49:45,978 - INFO - SELECT category.id, category.name, category.created_at, category.updated_at 
FROM category 
WHERE category.id = $1::INTEGER
2026-08-07 14:49:45,978 - INFO - [cached since 12.78s ago] (1,)
2026-08-07 14:49:45,981 - INFO - SELECT mime_type.category_id AS mime_type_category_id, mime_type.id AS mime_type_id, mime_type.name AS mime_type_name, mime_type.created_at AS mime_type_created_at, mime_type.updated_at AS mime_type_updated_at 
FROM mime_type 
WHERE mime_type.category_id IN ($1::INTEGER)
2026-08-07 14:49:45,982 - INFO - [cached since 12.76s ago] (1,)
2026-08-07 14:49:45,985 - INFO - UPDATE category SET name=$1::VARCHAR WHERE category.id = $2::INTEGER
2026-08-07 14:49:45,985 - INFO - [cached since 12.75s ago] ('other', 1)
2026-08-07 14:49:45,987 - INFO - COMMIT
2026-08-07 14:49:46,034 - INFO - BEGIN (implicit)
2026-08-07 14:49:46,035 - INFO - SELECT category.id, category.name, category.created_at, category.updated_at 
FROM category 
WHERE category.id = $1::INTEGER
2026-08-07 14:49:46,035 - INFO - [cached since 12.78s ago] (1,)
2026-08-07 14:49:46,037 - INFO - SELECT mime_type.id AS mime_type_id, mime_type.name AS mime_type_name, mime_type.category_id AS mime_type_category_id, mime_type.created_at AS mime_type_created_at, mime_type.updated_at AS mime_type_updated_at 
FROM mime_type 
WHERE $1::INTEGER = mime_type.category_id
2026-08-07 14:49:46,037 - INFO - [cached since 12.78s ago] (1,)
2026-08-07 14:49:46,039 - INFO - Category repository: update category by id=1
2026-08-07 14:49:46,040 - INFO - ROLLBACK
2026-08-07 14:58:03,267 - INFO - logger started
2026-08-07 14:58:03,301 - INFO - Started server process [117916]
2026-08-07 14:58:03,302 - INFO - Waiting for application startup.
2026-08-07 14:58:03,302 - INFO - Application startup complete.
2026-08-07 14:58:08,341 - INFO - 127.0.0.1:42382 - "GET /api/docs HTTP/1.1" 200
2026-08-07 14:58:08,674 - INFO - 127.0.0.1:42382 - "GET /api/openapi.json HTTP/1.1" 200
2026-08-07 14:58:51,412 - INFO - Shutting down
2026-08-07 14:58:51,513 - INFO - Waiting for application shutdown.
2026-08-07 14:58:51,514 - INFO - Application shutdown complete.
2026-08-07 14:58:51,514 - INFO - Finished server process [117916]
2026-08-07 14:58:52,442 - INFO - logger started
2026-08-07 14:59:03,777 - INFO - logger started
2026-08-07 14:59:09,432 - INFO - logger started
2026-08-07 14:59:09,477 - INFO - Started server process [118835]
2026-08-07 14:59:09,477 - INFO - Waiting for application startup.
2026-08-07 14:59:09,478 - INFO - Application startup complete.
2026-08-07 14:59:18,611 - INFO - Shutting down
2026-08-07 14:59:18,712 - INFO - Waiting for application shutdown.
2026-08-07 14:59:18,713 - INFO - Application shutdown complete.
2026-08-07 14:59:18,713 - INFO - Finished server process [118835]
2026-08-07 14:59:19,541 - INFO - logger started
2026-08-07 14:59:19,584 - INFO - Started server process [118972]
2026-08-07 14:59:19,584 - INFO - Waiting for application startup.
2026-08-07 14:59:19,584 - INFO - Application startup complete.
2026-08-07 14:59:38,464 - INFO - Shutting down
2026-08-07 14:59:38,565 - INFO - Waiting for application shutdown.
2026-08-07 14:59:38,566 - INFO - Application shutdown complete.
2026-08-07 14:59:38,566 - INFO - Finished server process [118972]
2026-08-07 14:59:39,452 - INFO - logger started
2026-08-07 14:59:39,508 - INFO - Started server process [119306]
2026-08-07 14:59:39,508 - INFO - Waiting for application startup.
2026-08-07 14:59:39,508 - INFO - Application startup complete.
2026-08-07 14:59:47,039 - INFO - 127.0.0.1:38542 - "GET /api/docs HTTP/1.1" 200
2026-08-07 14:59:47,351 - INFO - 127.0.0.1:38542 - "GET /api/openapi.json HTTP/1.1" 200
2026-08-07 15:00:03,209 - INFO - select pg_catalog.version()
2026-08-07 15:00:03,209 - INFO - [raw sql] ()
2026-08-07 15:00:03,213 - INFO - select current_schema()
2026-08-07 15:00:03,214 - INFO - [raw sql] ()
2026-08-07 15:00:03,217 - INFO - show standard_conforming_strings
2026-08-07 15:00:03,217 - INFO - [raw sql] ()
2026-08-07 15:00:03,220 - INFO - BEGIN (implicit)
2026-08-07 15:00:03,224 - INFO - INSERT INTO extension (name, created_at, updated_at) VALUES ($1::VARCHAR, $2::TIMESTAMP WITHOUT TIME ZONE, $3::TIMESTAMP WITHOUT TIME ZONE) RETURNING extension.id
2026-08-07 15:00:03,225 - INFO - [generated in 0.00052s] ('exe', datetime.datetime(2026, 8, 7, 14, 59, 39, 361922), datetime.datetime(2026, 8, 7, 14, 59, 39, 362335))
2026-08-07 15:00:03,275 - INFO - COMMIT
2026-08-07 15:00:03,281 - INFO - BEGIN (implicit)
2026-08-07 15:00:03,287 - INFO - SELECT extension.id, extension.name, extension.created_at, extension.updated_at 
FROM extension 
WHERE extension.id = $1::INTEGER
2026-08-07 15:00:03,288 - INFO - [generated in 0.00048s] (1,)
2026-08-07 15:00:03,292 - INFO - Extension repository: created extension by id=1
2026-08-07 15:00:03,293 - INFO - 127.0.0.1:46280 - "POST /api/extensions/?name=exe HTTP/1.1" 200
2026-08-07 15:00:03,295 - INFO - ROLLBACK
2026-08-07 15:00:29,652 - INFO - Shutting down
2026-08-07 15:00:29,753 - INFO - Waiting for application shutdown.
2026-08-07 15:00:29,754 - INFO - Application shutdown complete.
2026-08-07 15:00:29,754 - INFO - Finished server process [119306]
2026-08-07 15:00:30,576 - INFO - logger started
2026-08-07 15:00:30,627 - INFO - Started server process [119891]
2026-08-07 15:00:30,627 - INFO - Waiting for application startup.
2026-08-07 15:00:30,627 - INFO - Application startup complete.
2026-08-07 15:00:33,104 - INFO - 127.0.0.1:48806 - "GET /api/docs HTTP/1.1" 200
2026-08-07 15:00:33,485 - INFO - 127.0.0.1:48806 - "GET /api/openapi.json HTTP/1.1" 200
2026-08-07 15:00:38,982 - INFO - select pg_catalog.version()
2026-08-07 15:00:38,983 - INFO - [raw sql] ()
2026-08-07 15:00:39,029 - INFO - select current_schema()
2026-08-07 15:00:39,029 - INFO - [raw sql] ()
2026-08-07 15:00:39,032 - INFO - show standard_conforming_strings
2026-08-07 15:00:39,032 - INFO - [raw sql] ()
2026-08-07 15:00:39,034 - INFO - BEGIN (implicit)
2026-08-07 15:00:39,038 - INFO - SELECT extension.id, extension.name, extension.created_at, extension.updated_at 
FROM extension ORDER BY extension.created_at DESC, extension.id DESC
2026-08-07 15:00:39,038 - INFO - [generated in 0.00028s] ()
2026-08-07 15:00:39,047 - INFO - SELECT file.extension_id AS file_extension_id, file.id AS file_id, file.name AS file_name, file.mime_type_id AS file_mime_type_id, file.password_hash AS file_password_hash, file.created_at AS file_created_at, file.updated_at AS file_updated_at 
FROM file 
WHERE file.extension_id IN ($1::INTEGER)
2026-08-07 15:00:39,047 - INFO - [generated in 0.00061s] (1,)
2026-08-07 15:00:39,050 - INFO - Extension repository: found 1 extensions matching filters.
2026-08-07 15:00:39,051 - INFO - 127.0.0.1:48822 - "GET /api/extensions/ HTTP/1.1" 200
2026-08-07 15:00:39,052 - INFO - ROLLBACK
2026-08-07 15:00:42,788 - INFO - Shutting down
2026-08-07 15:00:42,889 - INFO - Waiting for application shutdown.
2026-08-07 15:00:42,890 - INFO - Application shutdown complete.
2026-08-07 15:00:42,890 - INFO - Finished server process [119891]
2026-08-07 15:00:43,693 - INFO - logger started
2026-08-07 15:00:43,739 - INFO - Started server process [120181]
2026-08-07 15:00:43,739 - INFO - Waiting for application startup.
2026-08-07 15:00:43,739 - INFO - Application startup complete.
2026-08-07 15:00:52,481 - INFO - Shutting down
2026-08-07 15:00:52,582 - INFO - Waiting for application shutdown.
2026-08-07 15:00:52,583 - INFO - Application shutdown complete.
2026-08-07 15:00:52,583 - INFO - Finished server process [120181]
